
> mini-app@0.1.0 build
> next build

▲ Next.js 16.1.6 (Turbopack)
- Environments: .env.local

  Creating an optimized production build ...
✓ Compiled successfully in 1821.4ms
  Running TypeScript ...
  Collecting page data using 15 workers ...
  Generating static pages using 15 workers (0/3) ...
✓ Generating static pages using 15 workers (3/3) in 453.7ms
  Finalizing page optimization ...

Route (app)
─ ○ /_not-found


○  (Static)  prerendered as static content

